---
source: tests/cli.rs
expression: "String::from_utf8_lossy(&output.stdout)"
---
src/module/module_methods.rs:1: replace double -> usize with Default::default()
src/module/utils/inside_mod.rs:3: replace outer::inner::name -> &'static str with Default::default()

