---
source: tests/cli.rs
expression: "String::from_utf8_lossy(&output.stdout)"
---
src/bin/factorial.rs:1: replace main with ()
--- src/bin/factorial.rs
+++ replace main with ()
@@ -1,12 +1,10 @@
 fn main() {
-    for i in 1..=6 {
-        println!("{}! = {}", i, factorial(i));
-    }
+() /* ~ changed by cargo-mutants ~ */
 }
 
 fn factorial(n: u32) -> u32 {
     let mut a = 1;
     for i in 2..=n {
         a *= i;
     }
     a

src/bin/factorial.rs:7: replace factorial -> u32 with Default::default()
--- src/bin/factorial.rs
+++ replace factorial with Default::default()
@@ -1,19 +1,15 @@
 fn main() {
     for i in 1..=6 {
         println!("{}! = {}", i, factorial(i));
     }
 }
 
 fn factorial(n: u32) -> u32 {
-    let mut a = 1;
-    for i in 2..=n {
-        a *= i;
-    }
-    a
+Default::default() /* ~ changed by cargo-mutants ~ */
 }
 
 #[test]
 fn test_factorial() {
     println!("factorial({}) = {}", 6, factorial(6)); // This line is here so we can see it in --nocapture
     assert_eq!(factorial(6), 720);
 }


