---
source: tests/cli.rs
expression: redact_timestamps_sizes(stdout)
---
Freshen source tree ... ok in x.xxxs build
Copy source and build products to scratch directory ... xxx MB in x.xxxs
Unmutated baseline ... ok in x.xxxs build + x.xxxs test
Auto-set test timeout to x.xxxs
Found 2 mutants to test
src/bin/factorial.rs:1: replace main with () ... NOT CAUGHT in x.xxxs build + x.xxxs test
2 mutants tested in x.xxxs: 1 missed, 1 caught

