---
source: tests/cli.rs
expression: stdout
---
Freshen source tree ... ok
Copy source and build products to scratch directory ... done
Unmutated baseline ... ok
Found 1 mutant to test
src/lib.rs:1: replace factorial -> u32 with Default::default() ... ok
1 mutant tested: 1 succeeded

